0 675638.6875
1 167685.265625
2 740529.0625
3 184172.90625
4 933224.6875
5 935119.5625
6 0.0
7 0.0
8 0.0
9 0.0
10 933370.3125
11 173171.6875
12 0.0
13 933370.3125
14 0.0
15 0.0
16 740529.0625
17 184172.90625
18 933078.25
19 933370.3125
20 184172.90625
21 167685.265625
22 681115.875
23 681115.875
24 173171.6875
